// Jest Snapshot v1, https://goo.gl/fbAQLP

exports[`fastify-auth stucks 1`] = `"{\\"hello\\":\\"world\\"}"`;
