// Jest Snapshot v1, https://goo.gl/fbAQLP

exports[`fastify-auth works 1`] = `"{\\"hello\\":\\"world\\"}"`;
